// Jest Snapshot v1, https://goo.gl/fbAQLP

exports[`Shows ReservationDetailsModal 1`] = `
<div
  id="reservation-details-modal"
/>
`;
